// Jest Snapshot v1, https://goo.gl/fbAQLP

exports[`#Card displays correctly 1`] = `
<div
  className="sc-bdfBwQ fPgORt"
>
  <button
    className="sc-gsTCUz iSKmng"
    onClick={[Function]}
  >
    <img
      className="sc-dlfnbm OEuyo"
    />
    <div
      className="sc-hKgILt jnTFzE"
    >
      <div
        className="sc-eCssSg enODAG"
      />
      <p
        className="sc-jSgupP jNMAjU"
      />
    </div>
  </button>
</div>
`;
